[cointrana.com/index.html]
[backblue.gif]
[fade.gif]
[index.html]
[cointrana.com/img/logo/favicon.png]
[cointrana.com/js/vendor/modernizr-2.8.3.min.js]
[s3.tradingview.com/external-embedding/embed-widget-ticker-tape.js]
[cointrana.com/index-2.html]
[cointrana.com/img/logo/cointranawhitelogo.png]
[cointrana.com/img/logo/cointranablacklogo.png]
[cointrana.com/login/index.html]
[cointrana.com/aboutus.html]
[cointrana.com/signup/index.html]
[cointrana.com/contactus.html]
[gtranslate.net/flags/blank.png]
[gtranslate.net/flags/16.png]
[gtranslate.net/flags/16a.png]
[translate.google.com/translate_a/element.187876.delayed]
[cointrana.com/img/referimage.jpg]
[widgets.coingecko.com/coingecko-coin-converter-widget.js]
[cointrana.com/img/team/t3.jpg]
[cointrana.com/img/team/t4.jpg]
[cointrana.com/img/team/t7.jpg]
[cointrana.com/img/team/t6.jpg]
[s3.tradingview.com/tv.js]
[widgets.fxempire.com/widget.js]
[cointrana.com/img/payment.png]
[cdn.jsdelivr.net/gh/coinponent/coinponent@undefined/dist/coinponent.22.delayed]
[cointrana.com/js/vendor/jquery-1.12.4.min.js]
[cointrana.com/js/bootstrap.min.js]
[cointrana.com/js/owl.carousel.min.js]
[cointrana.com/js/jquery.stellar.min.js]
[cointrana.com/js/magnific.min.js]
[cointrana.com/js/wow.min.js]
[cointrana.com/js/jquery.meanmenu.js]
[cointrana.com/js/form-validator.min.js]
[cointrana.com/js/plugins.js]
[cointrana.com/js/main.js]
[cointrana.com/index.html]
[cointrana.com/css/bootstrap.min.css]
[cointrana.com/css/owl.video.play.html]
[cointrana.com/css/owl.carousel.css]
[cointrana.com/css/owl.transitions.css]
[cointrana.com/css/animate.css]
[cointrana.com/css/meanmenu.min.css]
[cointrana.com/fonts/fontawesome-webfont32953295.eot]
[cointrana.com/fonts/fontawesome-webfontd41dd41d.eot]
[cointrana.com/fonts/fontawesome-webfont32953295.woff2]
[cointrana.com/fonts/fontawesome-webfont32953295.woff]
[cointrana.com/css/font-awesome.min.css]
[cointrana.com/fonts/themify.eot]
[cointrana.com/fonts/themifyd41dd41d.eot]
[cointrana.com/fonts/themify.woff]
[cointrana.com/fonts/themify.ttf]
[cointrana.com/css/themify-icons.css]
[cointrana.com/fonts/Flaticon.eot]
[cointrana.com/fonts/Flaticond41dd41d.eot]
[cointrana.com/fonts/Flaticon.woff]
[cointrana.com/fonts/Flaticon.ttf]
[cointrana.com/css/flaticon.css]
[cointrana.com/css/magnific.min.css]
[cointrana.com/img/logo/preloader.gif]
[cointrana.com/img/slider/h1.jpg]
[cointrana.com/img/background/ag1.jpg]
[cointrana.com/img/background/bg3.jpg]
[cointrana.com/img/background/b.jpg]
[cointrana.com/style.css]
[cointrana.com/css/responsive.css]
[cointrana.com/index-2.html]
[www.google.com/recaptcha/api.js]
[cointrana.com/login/index.html]
[cointrana.com/signup/index.html]
[cointrana.com/img/slider/3.jpg]
[cointrana.com/img/feature/f1.jpg]
[cointrana.com/img/cointranacert.png]
[cointrana.com/img/review/member1.jpg]
[cointrana.com/img/review/2.jpg]
[cointrana.com/img/review/3.jpg]
[cointrana.com/img/review/4.jpg]
[cointrana.com/aboutus.html]
[cointrana.com/contactus.html]
[translate.google.com/translate_a/element7876.html]
[cointrana.com/img/team/t4.jpg]
[cdn.jsdelivr.net/gh/coinponent/coinponent@undefined/dist/coinponent.js]
[cointrana.com/css/owl.video.play.html]
[cointrana.com/js/vendor/jquery-1.12.4.min.js]
[cointrana.com/img/payment.png]
[cointrana.com/fonts/fontawesome-webfont32953295.woff]
[cointrana.com/fonts/fontawesome-webfontd41dd41d.eot]
[cointrana.com/fonts/themify.eot]
[cointrana.com/fonts/themify.svg]
[cointrana.com/img/logo/preloader.gif]
[cointrana.com/fonts/themifyd41dd41d.eot]
[cointrana.com/img/background/ag1.jpg]
[cointrana.com/img/background/fg.jpg]
[cointrana.com/img/background/b.jpg]
[cointrana.com/login/style/indexstyle.html]
[cointrana.com/css/materialize.html]
[cointrana.com/js/jquery-3.4.1.min.html]
[cointrana.com/js/materialize.html]
[cointrana.com/js/init.html]
[cointrana.com/signup/signup.css]
[cointrana.com/img/slider/3.jpg]
[cointrana.com/img/feature/f1.jpg]
[cointrana.com/img/cointranacert.png]
[cointrana.com/img/review/member1.jpg]
[cointrana.com/fonts/Flaticon.svg]
[cointrana.com/img/background/fg.jpg]
[cointrana.com/img/slider/3.jpg]
[cointrana.com/fonts/fontawesome-webfontd41dd41d.eot]
[cointrana.com/img/cointranacert.png]
[cointrana.com/fonts/fontawesome-webfont32953295.html]
[cointrana.com/fonts/fontawesome-webfont32953295-2.html]
[cointrana.com/img/review/member1.jpg]
